Match asdf -> 1234
Match bcle -> 3456
No match for 1212
No match for 4819
Match a -> thousand
No match for b
Match a -> thousand
Only a value: picture
Match is -> worth
Only a value: worth
Match a -> thousand
Only a value: thousand
Match words -> :)
